Erreur lors de l'optimisation, division par 0 impossible
 Ã  la ligne 4, colonne 11 :
a := (a+d)/(d-3*2);
           ^
