Erreur lors de l'affectation de la variable : 'a', la variable n'a pas été déclarée.
 à la ligne 1, colonne 5 :
lire a;
     ^
