Erreur lors de l'analyse statique : la variable 'b' n'est jamais utilisÃ©e.
