Erreur lors de l'analyse statique : la variable 'b' n'est jamais affectée.
Erreur lors de l'analyse statique : la variable 'b' n'est jamais utilisée.
