Erreur lexicale, symbole inconnu à la ligne 1, colonne 4 :
var _ a,b; 
    ^
Un de ces symboles était attendu : [one or many id]
Essai d'élimination automatique du caractère et récupération.
