Erreur, division par 0 impossible Ã  la ligne 4, colonne 11 :
a := (a+d)/0;
           ^
